X in all location


 X |   |   
---+---+---
   |   |   
---+---+---
   |   |   

   | X |   
---+---+---
   |   |   
---+---+---
   |   |   

   |   | X 
---+---+---
   |   |   
---+---+---
   |   |   

   |   |   
---+---+---
 X |   |   
---+---+---
   |   |   

   |   |   
---+---+---
   | X |   
---+---+---
   |   |   

   |   |   
---+---+---
   |   | X 
---+---+---
   |   |   

   |   |   
---+---+---
   |   |   
---+---+---
 X |   |   

   |   |   
---+---+---
   |   |   
---+---+---
   | X |   

   |   |   
---+---+---
   |   |   
---+---+---
   |   | X 
