O in all location


 O |   |   
---+---+---
   |   |   
---+---+---
   |   |   

   | O |   
---+---+---
   |   |   
---+---+---
   |   |   

   |   | O 
---+---+---
   |   |   
---+---+---
   |   |   

   |   |   
---+---+---
 O |   |   
---+---+---
   |   |   

   |   |   
---+---+---
   | O |   
---+---+---
   |   |   

   |   |   
---+---+---
   |   | O 
---+---+---
   |   |   

   |   |   
---+---+---
   |   |   
---+---+---
 O |   |   

   |   |   
---+---+---
   |   |   
---+---+---
   | O |   

   |   |   
---+---+---
   |   |   
---+---+---
   |   | O 
